[2J[01;01H[=3h[2J[01;01H[2J[01;01H[=3h[2J[01;01H[2J[01;01H[=3h[2J[01;01HBdsDxe: loading Boot0002 "UEFI QEMU HARDDISK QM00011 " from PciRoot(0x0)/Pci(0x1F,0x2)/Sata(0x5,0xFFFF,0x0)
BdsDxe: starting Boot0002 "UEFI QEMU HARDDISK QM00011 " from PciRoot(0x0)/Pci(0x1F,0x2)/Sata(0x5,0xFFFF,0x0)
[2J[01;01H[01;01HUEFI Interactive Shell v2.2
EDK II
UEFI v2.70 (Debian distribution of EDK II, 0x00010000)
[1m[33m[40mMapping table[0m[37m[40m
[1m[33m[40m      FS2:[0m[37m[40m [1m[37m[40mAlias(s):[0m[37m[40mHD0f65535a1:;BLK5:
          PciRoot(0x0)/Pci(0x1F,0x2)/Sata(0x5,0xFFFF,0x0)/HD(1,MBR,0xBE1AFDFA)
[1m[33m[40m      FS0:[0m[37m[40m [1m[37m[40mAlias(s):[0m[37m[40mCD0b65535a1:;BLK2:
          PciRoot(0x0)/Pci(0x1F,0x2)/Sata(0x1,0xFFFF,0x0)/CDROM(0x1)
[1m[33m[40m      FS1:[0m[37m[40m [1m[37m[40mAlias(s):[0m[37m[40mF0b65535a:;BLK3:
          PciRoot(0x0)/Pci(0x1F,0x2)/Sata(0x1,0xFFFF,0x0)/VenMedia(C5BD4D42-1A76-4996-8956-73CDA326CD0A)
[1m[33m[40m     BLK4:[0m[37m[40m [1m[37m[40mAlias(s):[0m[37m[40m
          PciRoot(0x0)/Pci(0x1F,0x2)/Sata(0x5,0xFFFF,0x0)
[1m[33m[40m     BLK0:[0m[37m[40m [1m[37m[40mAlias(s):[0m[37m[40m
          PciRoot(0x0)/Pci(0x1F,0x2)/Sata(0x1,0xFFFF,0x0)
[1m[33m[40m     BLK1:[0m[37m[40m [1m[37m[40mAlias(s):[0m[37m[40m
          PciRoot(0x0)/Pci(0x1F,0x2)/Sata(0x1,0xFFFF,0x0)/CDROM(0x0)
[18;01HPress [1m[37m[40mESC[0m[37m[40m in 5 seconds to skip [1m[33m[40mstartup.nsh[0m[37m[40m or any other key to continue.[18;01HPress [1m[37m[40mESC[0m[37m[40m in 4 seconds to skip [1m[33m[40mstartup.nsh[0m[37m[40m or any other key to continue.[18;01HPress [1m[37m[40mESC[0m[37m[40m in 3 seconds to skip [1m[33m[40mstartup.nsh[0m[37m[40m or any other key to continue.[18;01HPress [1m[37m[40mESC[0m[37m[40m in 2 seconds to skip [1m[33m[40mstartup.nsh[0m[37m[40m or any other key to continue.[18;01HPress [1m[37m[40mESC[0m[37m[40m in 1 seconds to skip [1m[33m[40mstartup.nsh[0m[37m[40m or any other key to continue.
[1m[33m[40mShell> [0m[37m[40mecho === INFINITY test: loading memory.efi ===
=== INFINITY test: loading memory.efi ===
[1m[33m[40mShell> [0m[37m[40mload FS0:\memory.efi
[1m[37m[40mload[0m[37m[40m: File not found - '[1m[37m[40mFS0:\memory.efi[0m[37m[40m'
[1m[33m[40mShell> [0m[37m[40mecho === load returned. Check the banner above. ===
=== load returned. Check the banner above. ===
[1m[33m[40mShell> [0m[37m[40mecho === For Phase B the OS will boot next automatically. ===
=== For Phase B the OS will boot next automatically. ===
[1m[33m[40mShell> [0m[37m[40mecho === For Phase A you can close the QEMU window now. ===
=== For Phase A you can close the QEMU window now. ===
[29;01H[1m[33m[40mShell> [0m[37m[40m