[2J[01;01H[=3h[2J[01;01H[2J[01;01H[=3h[2J[01;01H[2J[01;01H[=3h[2J[01;01HBdsDxe: loading Boot0001 "UEFI QEMU HARDDISK QM00011 " from PciRoot(0x0)/Pci(0x1F,0x2)/Sata(0x5,0xFFFF,0x0)
BdsDxe: starting Boot0001 "UEFI QEMU HARDDISK QM00011 " from PciRoot(0x0)/Pci(0x1F,0x2)/Sata(0x5,0xFFFF,0x0)
[2J[01;01H[01;01HUEFI Interactive Shell v2.2
EDK II
UEFI v2.70 (Debian distribution of EDK II, 0x00010000)
[1m[33m[40mMapping table[0m[37m[40m
[1m[33m[40m      FS0:[0m[37m[40m [1m[37m[40mAlias(s):[0m[37m[40mHD0f65535a1:;BLK1:
          PciRoot(0x0)/Pci(0x1F,0x2)/Sata(0x5,0xFFFF,0x0)/HD(1,MBR,0xBE1AFDFA)
[1m[33m[40m     BLK0:[0m[37m[40m [1m[37m[40mAlias(s):[0m[37m[40m
          PciRoot(0x0)/Pci(0x1F,0x2)/Sata(0x5,0xFFFF,0x0)
[09;01HPress [1m[37m[40mESC[0m[37m[40m in 5 seconds to skip [1m[33m[40mstartup.nsh[0m[37m[40m or any other key to continue.[09;01HPress [1m[37m[40mESC[0m[37m[40m in 4 seconds to skip [1m[33m[40mstartup.nsh[0m[37m[40m or any other key to continue.[09;01HPress [1m[37m[40mESC[0m[37m[40m in 3 seconds to skip [1m[33m[40mstartup.nsh[0m[37m[40m or any other key to continue.[09;01HPress [1m[37m[40mESC[0m[37m[40m in 2 seconds to skip [1m[33m[40mstartup.nsh[0m[37m[40m or any other key to continue.[09;01HPress [1m[37m[40mESC[0m[37m[40m in 1 seconds to skip [1m[33m[40mstartup.nsh[0m[37m[40m or any other key to continue.
[1m[33m[40mShell> [0m[37m[40mecho === INFINITY result check (v6) ===
=== INFINITY result check (v6) ===
[1m[33m[40mShell> [0m[37m[40mecho === INFDIAG lives under the driver vendor GUID below.
=== INFDIAG lives under the driver vendor GUID below.
[1m[33m[40mShell> [0m[37m[40mecho === Plain dmpstore searches only the global GUID and
=== Plain dmpstore searches only the global GUID and
[1m[33m[40mShell> [0m[37m[40mecho === always says No matching variables found.
=== always says No matching variables found.
[1m[33m[40mShell> [0m[37m[40mecho ===
===
[1m[33m[40mShell> [0m[37m[40mecho === STAGES:
=== STAGES:
[1m[33m[40mShell> [0m[37m[40mecho ===  1 driver loaded OK, pool and handler and EBS hook installed
=== 1 driver loaded OK, pool and handler and EBS hook installed
[1m[33m[40mShell> [0m[37m[40mecho ===  2 ExitBootServices FIRED, os_cr3 and win_build captured
=== 2 ExitBootServices FIRED, os_cr3 and win_build captured
[1m[33m[40mShell> [0m[37m[40mecho ===  3 RT build, gRT hooks installed at SetVirtualAddressMap
=== 3 RT build, gRT hooks installed at SetVirtualAddressMap
[1m[33m[40mShell> [0m[37m[40mecho ===  4 RT build, WINDOWS CALLED a hooked service, full chain
=== 4 RT build, WINDOWS CALLED a hooked service, full chain
[1m[33m[40mShell> [0m[37m[40mecho ===
===
[1m[33m[40mShell> [0m[37m[40mecho === After a full boot to desktop the expectation is:
=== After a full boot to desktop the expectation is:
[1m[33m[40mShell> [0m[37m[40mecho ===  SAFE build: stage 2.  RT build: stage 2 or 4.
=== SAFE build: stage 2. RT build: stage 2 or 4.
[1m[33m[40mShell> [0m[37m[40mecho ===  RT build stuck at stage 3 with cr3 zero: the EBS write
=== RT build stuck at stage 3 with cr3 zero: the EBS write
[1m[33m[40mShell> [0m[37m[40mecho ===  failed, the serial log has the exact error.
=== failed, the serial log has the exact error.
[1m[33m[40mShell> [0m[37m[40mecho ===
===
[1m[33m[40mShell> [0m[37m[40mecho === 32 bytes = magic DFNI, stage, flags, win_build, os_cr3,
=== 32 bytes = magic DFNI, stage, flags, win_build, os_cr3,
[1m[33m[40mShell> [0m[37m[40mecho === hook_calls, last_status. If several lines appear, the
=== hook_calls, last_status. If several lines appear, the
[1m[33m[40mShell> [0m[37m[40mecho === LAST one is current.
=== LAST one is current.
[1m[33m[40mShell> [0m[37m[40mdmpstore INFDIAG* -guid A1B2C3D4-E5F6-4789-9ABC-DEF012345678
Variable [1m[37m[40mNV+RT+BS[0m[37m[40m '[1m[37m[40mA1B2C3D4-E5F6-4789-9ABC-DEF012345678[0m[37m[40m:[1m[37m[40mINFDIAG[0m[37m[40m' DataSize = 0x20
  00000000: 44 46 4E 49 03 00 00 00-0B 00 00 00 00 00 00 00  *DFNI............*
  00000010: 00 10 C0 7F 00 00 00 00-14 01 00 00 00 00 00 00  *................*
[1m[33m[40mShell> [0m[37m[40mecho === end ===
=== end ===
[31;01H[1m[33m[40mShell> [0m[37m[40m